[   0.000] Intilizig croupsuys cpuset
[    0.000000] Initializing cgroup subsys cpu
[    0.000000] Initializing cgroup subsys cpuacct
[    0.000000] Linux version 4.4.0-112-generic (buildd@lgw01-amd64-010) (gcc version 5.4.0 20160609 (Ubuntu 5.4.0-6ubuntu1~16.04.5) ) #135-Ubuntu SMP Fri Jan 19 11:48:36 UTC 2018 (Ubuntu 4.4.0-112.135-generic 4.4.98)
[    0.000000 Cmmad ne: BOO_IAGE=/bot/mlnuz-4.4.012-generi rtt=LABEL=cloudimg-rootfs ro console=tty1 console=ttyS0
[    0.00000 KRNEL supported cpus:
[    0.000000]   Intel GenuineIntel
[    0.000000]   D AuthentcAD
[   0.0000]  Ctaur Centuraus
[   .00000] 6/fpu: ste_ofse2]:  57, tate_szes[2]:  256
[    0.000000] x86/fpu: Supporting XSAVE feature 0x01: 'x87 floating point registers'
[    0.000000] x86/fpu: Supporting XSAVE feature 0x02 'SEregisters'
[  0.000] x6/u: Spprtng SA featur 004:'A registers
    0.000] 86pu: Enalexstate atres 0x7, onext siz i832 byesusing'sandar frmat.
[   000000]x8fpu: Using 'lazy' FPU context switches.
[    0.000000] e820: BIOS-provided physical RAM map:
[    0.000000] BIOS-e820: [mem 0x0000000000000000-0x000000000009fbff] usable
[    0.000000] BIOS-e820: [mem 0x000000000009fc00-0x000000000009ffff] reserved
[    0.000000] BIOS-e820: [mem 0x00000000000f0000-0x000000000ffff] resrv
[    0.000] BIOS-82 [mem 0x0000000000100000-0x000000003ffeffff] usable
[    0.000000] BIOS-e820: [mem 0x000000003fff0000-0x000000003fffffff] ACPI data
[    0.000000] BIOS-e820: [mem 0x00000000fec00000-0x00000000fec00fff] rervd
[    00000] BI-e82: em 0000000ee000-0x00000fee0ff resered
[    0.0000 BIOe820 [m 0x00000fff00-0x00000fffffff] reserved
[    0.000000] NX (Execute Disable) protection: active
[    0.000000] SMBIOS 2.5 present.
[    0.000000] Hypervisor detected: KVM
[    0.000000] e820: last_pf = 0x3ff0 ax_achpfn = 000000000
[  0.000000]MT: Diabd
[   .000000] x86/PAT: MTRRs disabled, skipping PAT initialization too.
[    0.000000] CPU MTRRs all blank - virtualized system.
[    0.000000] x86/PAT: Configuration [0-7]: WB  WT  UC- UC  WB  WT  UC- UC  
[    0.000000] found SMP MP-table at [mem 0x0009ff0-0x0009ffff] mapped at [ffff88000009fff0]
[    0.000000] Scanning 1 areas for low memory corruption
[    0.000000] RAMDISK: [mem 0x36adc000-0x37565fff]
[    0.000000] ACPI: Early table checksum verification disabled
[    0.000000] ACPI: RSDP 0x00000000000E0000 000024 (v02 VBOX  )
[    0.000000] ACPI: XSDT 0x000000003FFF0030 00003C (v01 VBOX   VBOXXSDT 00000001 ASL  00000061)
[    0.000000] ACPI: FACP 0x000000003FFF00F0 0000F4 (v04 VBOX   VBOXFACP 00000001 ASL  00000061)
[    0.000000] ACPI: DSDT 0x000000003FFF0470 0021FF (v02 VBOX   VBOXBIOS 00000002 INTL 20100528)
[    0.000000] ACPI: FACS 0x000000003FFF0200 000040
[    0.000000] ACPI: FACS 0x000000003FFF0200 000040
[    0.000000] ACPI: APIC 0x000000003FFF0240 00005C (v02 VBOX   VBOXAPIC 00000001 ASL  00000061)
[    0.000000] ACPI: SSDT 0x000000003FFF02A0 0001CC (v01 VBOX   VBOXCPUT 00000002 INTL 20100528)
[    0.000000] No NUMA configuration found
[    0.000000] Faking a node at [mem 0x0000000000000000-0x000000003ffeffff]
[    0.000000] NODE_DATA(0) allocated [mem 0x3ffeb000-0x3ffeffff]
[    0.000000] kvm-clock: Uing msrsb54d01 an 4b5640
[  000000] m-clock: cu , msr 0:ff001, prmay cpu lo
[    .0000] kvm-cck: usin sed ose of 3245715629 cycles
[    0.00000] cloksouce: kv-cock:ma: 0xffffffffff max_cycles: x1cd44dffb, ax_idle_ns: 881590591483 ns
[    0.000000] Zone ranges:
[    0.000000]   DMA      [mem 0x000000000001000x0000000ffffff][   0.0000]  DM32    [mem 0x0000000001000000-0x000000003ffeffff]
[    0.000000]   Normal   empty
[    0.000000]   Device   empty
[    0.000000] Movable zone start for each node
[    0.000000] Early memory node ranges
[    0.000000]   node   0: [mem 0x0000000000001000-0x000000000009efff]
[    0.000000]   node   0: [mem 0x0000000000100000-0x000000003ffeffff]
[    0.000000] Initmem setup node 0 [mem 0x0000000000001000-x0000003effff]
   000000] ACPI: PM-Timer IO Port: 0x4008[    000000] IOAIC0] apic_ 2, vrsn 32,adess xf00000,GS0-23
[   00000] PI: INT_S_OVR (bs 0us_iq global_q  dfldf
[    .0000] ACI:NT_SR_O (bu 0busir9 global_irq9 w level
[   0.000] Usig ACI (MT)for SM cfigurti infomaon
[   .00000] pboot: Alowg 2 Cs,0 htpug CPUs
   0.000] PM:Restere nave memory: [mem 0x00000000-0x00000fff]
[    0.000000] PM: Registered nosave memory: [mem 0x0009f000-0x0009ffff]
[    0.000000] PM: Registered nosave memory: [mem 0x000a0000-0x000effff]
[    0.000000] PM: Registered nosave memory: [mem 0x000f0000-0x000fffff]
[    0.000000] e820: [mem 0x40000000-0xfebfffff] available for PCI devices
[    0.00000]Booting paravirtalizd rnel n M
[  0000000] cocource:refined-jiffies: mask: 0xffffffff max_cycles: 0xffffffff, max_idle_ns: 7645519600211568 ns
[    0.000000] setup_percpu: NR_CPUS:512 nr_cpumask_bits:512 nr_cpu_ids:2 nr_node_ids:1
[    0.000000] PERCPU: Embedded 34 pages/cpu @ffff88003fc00000 s99544 r8192d3158 u104576[   0.00000] PV qspinlock hash ble ntes: 256(oder0,4096 bytes
   0.00000 Built 1 zonelist in odorder,obili gouping on.  Total pages: 257913
[    0.000000] Policy zone: DMA32
[    0.000000] Kernel command line: BOT_IME=/bo/vlin-44.0-112-generic root=LABEL=cloudimg-rootfs ro console=tty1 console=ttyS0
[    0.000000] PID hash table entries: 4096 (order: 3, 32768 bytes)
[    0.000000] Memory: 1001740K/1048120K available (8499K kernel code, 1309K rwdata, 3988K rodata, 1508K init, 1316K bss, 46380K reserved, 0K cma-reserved)
[    0.000000] SLUB: HWalign=64, Order=0-3, MinObjects=0, CPUs=2, Nodes=1
[    0.000000] Kernel/User page tables isolation: enabled
[    0.000000] Hierarchical RCU implementation.
[    0.000000] 	Build-time adjustment of leaf fanout to 64.
[    0.000000] 	RCU restricting CPUs from NR_CPUS=512 to nr_cpu_ids=2.
[    0.000000] RCU: Adjusting geometry for rcu_fanout_leaf=64, nr_cpu_ids=2
[    0.000000] NR_IRQS:33024 nr_irqs:440 16
[    0.000000] Console: colour VGA+ 80x25
[    0.000000] console [tty1] enabled
[    0.000000] console [ttyS0] enabled
[    0.000000] tsc: Detected 1599.999 MHz processor
[    8.964162] Calibrating delay loop (skipped) preset value.. 3199.99 BogoMIPS (lpj=6399996)
[    8.966831] pid_max: default: 32768 minimum: 30
[    8.998243] ACPI: Core revision 20150930
[    9.036521] ACPI: 2 ACPI AML tables successfully acquired and loaded
[    9.044014] Security Framework initialized
[    9.045215] Yama: becoming mindful.
[    9.046189] AppArmor: AppArmor initialized
[    9.047401] Dentry cache hash table entries: 131072 (order: 8, 1048576 bytes)
[    9.084149] Inode-cache hash table entries: 65536 (order: 7, 524288 bytes)
[    9.153258] Mount-cache hash table entries: 2048 (order: 2, 16384 bytes)
[    9.155687] Mountpoint-cache hash table entries: 2048 (order: 2, 16384 bytes)
[    9.164064] Initializing cgroup subsys io
[    9.169752] Initializing cgroup subsys memory
[    9.180171] Initializing cgroup subsys devices
[    9.185651] Initializing cgroup subsys freezer
[    9.192405] Initializing cgroup subsys net_cls
[    9.197986] Initializing cgroup subsys perf_event
[    9.215884] Initializing cgroup subsys net_prio
[    9.223983] Initializing cgroup subsys hugetlb
[    9.232371] Initializing cgroup subsys pids
[    9.243685] CPU: Physical Processor ID: 0
[    9.249052] CPU: Processor Core ID: 0
[    9.250424] FEATURE SPEC_CTRL Not Present
[    9.252825] mce: CPU supports 0 MCE banks
[    9.254148] Last level iTLB entries: 4KB 64, 2MB 8, 4MB 8
[    9.261239] Last level dTLB entries: 4KB 64, 2MB 0, 4MB 0, 1GB 4
[    9.300314] Freeing SMP alternatives memory: 32K
[    9.315922] ftrace: allocating 32180 entries in 126 pages
[    9.406879] smpboot: APIC(0) Converting physical 0 to logical package 0
[    9.477869] smpboot: Max logical packages: 1
[    9.495045] x2apic enabled
[    9.496209] Switched APIC routing to physical x2apic.
[    9.498718] ..TIMER: vector=0x30 apic1=0 pin1=2 apic2=-1 pin2=-1
[    9.627778] smpboot: CPU0: Intel(R) Core(TM) i5-5250U CPU @ 1.60GHz (family: 0x6, model: 0x3d, stepping: 0x4)
[    9.663271] Performance Events: unsupported p6 CPU model 61 no PMU driver, software events only.
[    9.705054] KVM setup paravirtual spinlock
[    9.706983] x86: Booting SMP configuration:
[    9.716159] .... node  #0, CPUs:      #1
[    9.753826] kvm-clock: cpu 1, msr 0:3ffe3041, secondary cpu clock
[    9.779673] mce: CPU supports 0 MCE banks
[    9.793540] x86: Booted up 1 node, 2 CPUs
[    9.833290] smpboot: Total of 2 processors activated (6399.99 BogoMIPS)
[    9.876042] devtmpfs: initialized
[    9.912847] evm: security.selinux
[    9.932162] evm: security.SMACK64
[    9.933444] evm: security.SMACK64EXEC
[    9.957604] evm: security.SMACK64TRANSMUTE
[    9.989066] evm: security.SMACK64MMAP
[   10.006112] evm: security.ima
[   10.007109] evm: security.capability
[   10.008594] clocksource: jiffies: mask: 0xffffffff max_cycles: 0xffffffff, max_idle_ns: 7645041785100000 ns
[   10.109817] futex hash table entries: 512 (order: 3, 32768 bytes)
[   10.169903] pinctrl core: initialized pinctrl subsystem
[   10.234140] RTC time: 16:02:43, date: 01/29/18
[   10.273968] NET: Registered protocol family 16
[   10.315985] cpuidle: using governor ladder
[   10.371965] cpuidle: using governor menu
[   10.385536] PCCT header not found.
[   10.428611] ACPI: bus type PCI registered
[   10.484672] acpiphp: ACPI Hot Plug PCI Controller Driver version: 0.5
[   10.534853] PCI: Using configuration type 1 for base access
[   10.580758] ACPI: Added _OSI(Module Device)
[   10.606764] ACPI: Added _OSI(Processor Device)
[   10.651415] ACPI: Added _OSI(3.0 _SCP Extensions)
[   10.699066] ACPI: Added _OSI(Processor Aggregator Device)
[   10.783919] ACPI: Executed 1 blocks of module-level executable AML code
[   10.827732] ACPI: Interpreter enabled
[   10.864805] ACPI: (supports S0 S5)
[   10.901283] ACPI: Using IOAPIC for interrupt routing
[   10.953776] PCI: Using host bridge windows from ACPI; if necessary, use "pci=nocrs" and report a bug
[   11.049833] ACPI: PCI Root Bridge [PCI0] (domain 0000 [bus 00-ff])
[   11.080190] acpi PNP0A03:00: _OSC: OS supports [ASPM ClockPM Segments MSI]
[   11.081924] acpi PNP0A03:00: _OSC: not requesting OS control; OS requires [ExtendedConfig ASPM ClockPM MSI]
[   11.164474] acpi PNP0A03:00: fail to add MMCONFIG information, can't access extended PCI configuration space under this bridge.
[   11.272900] PCI host bridge to bus 0000:00
[   11.313443] pci_bus 0000:00: root bus resource [io  0x0000-0x0cf7 window]
[   11.381988] pci_bus 0000:00: root bus resource [io  0x0d00-0xffff window]
[   11.411810] pci_bus 0000:00: root bus resource [mem 0x000a0000-0x000bffff window]
[   11.418770] pci_bus 0000:00: root bus resource [mem 0x40000000-0xfdffffff window]
[   11.489447] pci_bus 0000:00: root bus resource [bus 00-ff]
[   11.503592] pci 0000:00:01.1: legacy IDE quirk: reg 0x10: [io  0x01f0-0x01f7]
[   11.590222] pci 0000:00:01.1: legacy IDE quirk: reg 0x14: [io  0x03f6]
[   11.621988] pci 0000:00:01.1: legacy IDE quirk: reg 0x18: [io  0x0170-0x0177]
[   11.705699] pci 0000:00:01.1: legacy IDE quirk: reg 0x1c: [io  0x0376]
[   11.791863] pci 0000:00:07.0: quirk: [io  0x4000-0x403f] claimed by PIIX4 ACPI
[   11.882980] pci 0000:00:07.0: quirk: [io  0x4100-0x410f] claimed by PIIX4 SMB
[   11.957877] ACPI: PCI Interrupt Link [LNKA] (IRQs 5 9 10 *11)
[   12.014707] ACPI: PCI Interrupt Link [LNKB] (IRQs 5 9 *10 11)
[   12.065500] ACPI: PCI Interrupt Link [LNKC] (IRQs 5 *9 10 11)
[   12.097287] ACPI: PCI Interrupt Link [LNKD] (IRQs 5 9 10 *11)
[   12.161978] ACPI: Enabled 2 GPEs ii block 00 to 07
[   12.208685] vgaarb: setting as boot device: PCI:0000:00:02.0
[   12.257481] vgaarb: device added: PCI:0000:00:02.0,decodes=io+mem,owns=io+mem,locks=none
[   12.299626] vgaarb: loaded
[   12.320642] vgaarb: bridge control possible 0000:00:02.0
[   12.382074] SCSI subsystem initialized
[   12.393013] ACPI: bus type USB registered
[   12.402670] usbcore: registered new interface driver usbfs
[   12.439642] usbcore: registered new interface driver hub
[   12.477370] usbcore: registered new device driver usb
[   12.494780] PCI: Using ACPI for IRQ routing
[   12.536746] NetLabel: Initializing
[   12.537778] NetLabel:  domain hash size = 128
[   12.544307] NetLabel:  protocols = UNLABELED CIPSOv4
[   12.553757] NetLabel:  unlabeled traffic allowed by default
[   12.596876] amd_nb: Cannot enumerate AMD northbridges
[   12.642934] clocksource: Switched to clocksource kvm-clock
[   12.747160] AppArmor: AppArorilysemnale
[ 130331pn P AI it[ 1384597] pnp: PnP ACPI: found 3 devices

[   13.620150] clocksource: acpi_pm: mask: 0xffffff max_cycles: 0xffffff, max_idle_ns: 2085701024 ns
[   13.656451] NET: Registered protocol family 2
[   13.676897] TCP established hash table entries: 8192 (order: 4, 65536 bytes)
[   13.684489] TCP bind hash table entries: 8192 (order: 5, 131072 bytes)
[   13.706667] TCP: Hash tables configured (established 8192 bind 8192)
[   13.728719] UDP hash table entries: 512 (order: 2, 16384 bytes)
[   13.740884] UDP-Lite hash table entries: 512 (order: 2, 16384 bytes)
[   13.761228] NET: Registered protocol family 1
[   13.784992] pci 0000:00:00.0: Limiting direct PCI/PCI transfers
[   13.786772] pci 0000:00:01.0: Activating ISA DMA hang workarounds
[   13.805073] Unpacking initramfs...
[   15.922371] Freeing initrd memory: 10792K
[   15.941209] RAPL PMU detected, API unit is 2^-32 Joules, 4 fixed counters 10737418240 ms ovfl timer
[   15.965738] hw unit of domain pp0-core 2^-0 Joules
[   15.978889] hw unit of domain package 2^-0 Joules
[   15.984056] hw unit of domain dram 2^-0 Joules
[   15.990282] hw unit of domain pp1-gpu 2^-0 Joules
[   15.997301] laorrtcm: register ptfm C vice o P vie foun)  6.00] canning fo lw mo cruioevery 60 seconds
[   17.401114] tsc: Refined TSC clocksource calibration: 1599.959 MHz
[   17.402611] clocksource: tsc: mask: 0xffffffffffffffffmacyes0x0f26e, ma_ie_: 072195 s
[   18.084369] audit: initializing netlink subsys (disabled)
[   18.094102] audit: type=2000 audit(1517241764.337:1): initialized
[   18.125684] Initialise system trusted keyring
[   18.164010] HugeTLB registered 2 MB page size, pre-allocated 0 pages
[   18.238853] zbud: loaded
[   182688VF Dk ots dqt_6.
[ 18460]FSDqu-cache hash table entries: 512 (order 0, 4096 bytes)
[   19.129537] squashfs: version 4.0 (2009/01/31) Phillip Lougher
[   19.216980] fuse init (API version 7.23)
[   19.268196] Key type big_key registered
[   19.300834] AllocatingIMA MK ndlali kris.

[   19.695982] Key type asymmetric registered
[   19.740705] Asymmetric key parser 'x509' registered
[   19.793254] Block layer SCSI generic (bsg) driver version 0.4 loaded (major 249)
[   19.853230] io scheduler noop registered
[   19.907627] io scheduler deadline registered (default)
[   9.505] io scheduler cfq regsted[   202155pc_htplug:PCHoPl P Core version: 0.5

[   20.71042] ie:: PI prs t lug Controller Div vsi: 4  1.07] CP: AC Adapter [AC] (off-line)

[   1.162] ipu Perutn  /evices/LNXYS:0LNWR:0int/pu
  2.1220] ACPI:Power Button [PRF
[   2.004]np: lep ButtonasdeceLNYS:0LNLP:0int/pu
[   23.73904] ACPI: Sleep Button [SLPF]

[   3.7997 AI:atery Slot[B0]batery present)
[   24.264947]GH: STisotnaed

[   24.646781] Serial: 8250/16550 driver, 32 ports, IRQ sharing enabled
[   24.733829] 00:02: ttyS0 at I/O 0x3f8 (irq = 4, base_baud = 115200) is a 16550A
[   24.913490] Linux agpgart interface v0.103
[   24.933022] loop: module loaded
[   24.941476] scsi host0: ata_piix
[   24.965796] scsi host1: ata_piix
[   24.973596] ata1: PATA max UDMA/33 cmd 0x1f0 ctl 0x3f6 bmdma 0xd000 irq 14
[   24.991585] ata2: PATA max UDMA/33 cmd 0x170 ctl 0x376 bmdma 0xd008 irq 15
[   25.009645] libphy: Fixed MDIO Bus: probed
[   25.010976] tun: Universal TUN/TAP device driver, 1.6
[   25.012410] tun: (C) 1999-2004 Max Krasnyansky <maxk@qualcomm.com>
[   25.019720] PPP generic driver version 2.4.2
[   25.089697] ehci_hcd: USB 2.0 'Enhanced' Host Controller (EHCI) Driver
[   25.091868] ehci-pci: EHCI PCI platform driver
[   25.093038] ehci-platform: EHCI generic platform driver
[   25.105757] ohci_hcd: USB 1.1 'Open' Host Controller (OHCI) Driver
[   25.169619] ohci-pci: OHCI PCI platform driver
[   25.220145] ohci-platform: OHCI generic platform driver
[   25.221471] uhci_hcd: USB Universal Host Controller Interface driver
[   25.223086] i8042: PNP: PS/2 Controller [PNP0303:PS2K,PNP0f03:PS2M] at 0x60,0x64 irq 1,12
[   25.233862] serio: i8042 KBD port at 0x60,0x64 irq 1
[   25.287652] serio: i8042 AUX port at 0x60,0x64 irq 12
[   25.392487] mousedev: PS/2 mouse device common for all mice
[   25.394962] rtc_cmos rtc_cmos: rtc core: registered rtc_cmos as rtc0
[   25.405561] rtc_cmos rtc_cmos: alarms up to one day, 114 bytes nvram
[   25.484264] i2c /dev entries driver
[   25.550994] input: AT Translated Set 2 keyboard as /devices/platform/i8042/serio0/input/input2
[   25.551070] device-mapper: uevent: version 1.0.3
[   25.580723] device-mapper: ioctl: 4.34.0-ioctl (2015-10-28) initialised: dm-devel@redhat.com
[   25.630538] ledtrig-cpu: registered to indicate activity on CPUs
[   25.666687] NET: Registered protocol family 10
[   25.739317] NET: Registered protocol family 17
[   25.799557] Key type dns_resolver registered
[   25.836376] microcode: CPU0 sig=0x306d4, pf=0x40, revision=0x0
[   25.869199] microcode: CPU1 sig=0x306d4, pf=0x40, revision=0x0
[   25.872661] microcode: Microcode Update Driver: v2.01 <tigran@aivazian.fsnet.co.uk>, Peter Oruba
[   25.925747] registered taskstats version 1
[   26.004223] Loading compiled-in X.509 certificates
[   26.021232] Loaded X.509 cert 'Build time autogenerated kernel key: 4c603087bab8f0a02cb3b4e1fb4c40f507e71ef1'
[   26.035214] zswap: loaded using pool lzo/zbud
[   26.044111] Key type trusted registered
[   26.065865] Key type encrypted registered
[   26.076928] AppArmor: AppArmor sha1 policy hashing enabled
[   26.089045] ima: No TPM chip found, activating TPM-bypass!
[   26.108538] evm: HMAC attrs: 0x1
[   26.114985]   Magic number: 2:806:35
[   26.125182] bdi 7:0: hash matches
[   26.126484] rtc_cmos rtc_cmos: setting system clock to 2018-01-29 16:02:59 UTC (1517241779)
[   26.238317] BIOS EDD facility v0.16 2004-Jun-25, 0 devices found
[   26.241830] EDD information not available.
[   26.245024] Freeing unused kernel memory: 1508K
[   26.264074] Write protecting the kernel read-only data: 14336k
[   26.344986] Freeing unused kernel memory: 1728K
[   26.419546] Freeing unused kernel memory: 108K
Loading, please wait...
[   26.507583] random: systemd-udevd: uninitialized urandom read (16 bytes read, 5 bits of entropy available)
starting version 229
[   26.508420] random: udevadm: uninitialized urandom read (16 bytes read, 5 bits of entropy available)
[   26.508446] random: udevadm: uninitialized urandom read (16 bytes read, 5 bits of entropy available)
[   26.520535] random: udevadm: uninitialized urandom read (16 bytes read, 5 bits of entropy available)
[   26.520591] random: udevadm: uninitialized urandom read (16 bytes read, 5 bits of entropy available)
[   26.520782] random: udevadm: uninitialized urandom read (16 bytes read, 5 bits of entropy available)
[   26.520857] random: udevadm: uninitialized urandom read (16 bytes read, 5 bits of entropy available)
[   26.520929] random: udevadm: uninitialized urandom read (16 bytes read, 5 bits of entropy available)
[   26.521001] random: udevadm: uninitialized urandom read (16 bytes read, 5 bits of entropy available)
[   26.521074] random: udevadm: uninitialized urandom read (16 bytes read, 5 bits of entropy available)
[   27.273875] e1000: Intel(R) PRO/1000 Network Driver - version 7.3.21-k8-NAPI
[   27.290849] e1000: Copyright (c) 1999-2006 Intel Corporation.
[   27.293659] Fusion MPT base driver 3.04.20
[   27.296363] Copyright (c) 1999-2008 LSI Corporation
[   27.303294] Fusion MPT SPI Host driver 3.04.20
[   27.325301] AVX2 version of gcm_enc/dec engaged.
[   27.330775] AES CTR mode by8 optimization enabled
[   27.502902] input: ImExPS/2 Generic Explorer Mouse as /devices/platform/i8042/serio1/input/input4
[   27.700366] e1000 0000:00:03.0 eth0: (PCI:33MHz:32-bit) 02:db:14:78:b4:e6
[   27.776104] e1000 0000:00:03.0 eth0: Intel(R) PRO/1000 Network Connection
[   27.864934] mptbase: ioc0: Initiating bringup
[   28.066515] ioc0: LSI53C1030 A0: Capabilities={Initiator}
[   29.141865] scsi host2: ioc0: LSI53C1030 A0, FwRev=00000000h, Ports=1, MaxQ=256, IRQ=20
[   30.072474] scsi 2:0:0:0: Direct-Access     VBOX     HARDDISK         1.0  PQ: 0 ANSI: 5
[   30.095901] scsi target2:0:0: Beginning Domain Validation
[   30.191951] scsi target2:0:0: Domain Validation skipping write tests
[   30.208696] scsi target2:0:0: Ending Domain Validation
[   30.211406] scsi target2:0:0: asynchronous
[   30.215314] scsi 2:0:1:0: Direct-Access     VBOX     HARDDISK         1.0  PQ: 0 ANSI: 5
[   30.218865] scsi target2:0:1: Beginning Domain Validation
[   30.222737] scsi target2:0:1: Domain Validation skipping write tests
[   30.226526] scsi target2:0:1: Ending Domain Validation
[   30.228197] scsi target2:0:1:  synchronous
[   30.256056] sd 2:0:0:0: Attached scsi generic sg0 type 0
[   30.263848] sd 2:0:0:0: [sda] 20971520 512-byte logical blocks: (10.7 GB/10.0 GiB)
[   30.266558] sd 2:0:0:0: [sda] Write Protect is off
[   30.270556] sd 2:0:0:0: [sda] Incomplete mode parameter data
[   30.274041] sd 2:0:0:0: [sda] Assuming drive cache: write through
[   30.276120] sd 2:0:1:0: Attached scsi generic sg1 type 0
[   30.277996] sd 2:0:1:0: [sdb] 20480 512-byte logical blocks: (10.5 MB/10.0 MiB)
[   30.281633] sd 2:0:1:0: [sdb] Write Protect is off
[   30.285553] sd 2:0:1:0: [sdb] Incomplete mode parameter data
[   30.291379] sd 2:0:1:0: [sdb] Assuming drive cache: write through
[   30.293202] floppy0: no floppy controllers found
[   30.294662] work still pending
[   30.298144]  sda: sda1
[   30.302187] sd 2:0:0:0: [sda] Attached SCSI disk
[   30.305131] sd 2:0:1:0: [sdb] Attached SCSI disk
[   30.555388] e1000 0000:00:08.0 eth1: (PCI:33MHz:32-bit) 08:00:27:21:4e:a1
[   30.639470] e1000 0000:00:08.0 eth1: Intel(R) PRO/1000 Network Connection
[   30.705820] e1000 0000:00:03.0 enp0s3: renamed from eth0
[   30.763748] e1000 0000:00:08.0 enp0s8: renamed from eth1
Begin: Loading e[   32.293991] md: linear personality registered for level -1
ssential drivers[   32.364755] md: multipath personality registered for level -4
 ... [   32.422905] md: raid0 personality registered for level 0
[   32.496889] md: raid1 personality registered for level 1
[   32.651036] raid6: sse2x1   gen()  7767 MB/s
[   32.767487] raid6: sse2x1   xor()  5859 MB/s
[   32.835035] raid6: sse2x2   gen()  6250 MB/s
[   32.943069] raid6: sse2x2   xor()  6693 MB/s
[   33.063129] raid6: sse2x4   gen() 11694 MB/s
[   33.175110] raid6: sse2x4   xor()  7540 MB/s
[   33.283144] raid6: avx2x1   gen() 14815 MB/s
[   33.383185] raid6: avx2x2   gen() 18757 MB/s
[   33.490946] raid6: avx2x4   gen() 18688 MB/s
[   33.531406] raid6: using algorithm avx2x2 gen() 18757 MB/s
[   33.587435] raid6: using avx2x2 recovery algorithm
[   33.590429] xor: automatically using best checksumming function:
[   33.691018]    avx       : 19059.000 MB/sec
[   33.726078] async_tx: api initialized (async)
[   33.807115] md: raid6 personality registered for level 6
[   33.871422] md: raid5 personality registered for level 5
[   33.933019] md: raid4 personality registered for level 4
[   33.989343] md: raid10 personality registered for level 10
done.
Begin: Running /scripts/init-premount ... done.
Begin: Mounting root file system ... Begin: Running /scripts/local-top ... done.
Begin: Runn[   34.096019] Btrfs loaded
ing /scripts/local-premount ... Scanning for Btrfs filesystems
done.
Warning: fsck no[   34.187026] EXT4-fs (sda1): mounted filesystem with ordered data mode. Opts: (null)
t present, so skipping root file system
done.
Begin: Running /scripts/local-bottom ... done.
Begin: Running /scripts/init-bottom ... done.
[   34.472033] systemd[1]: systemd 229 running in system mode. (+PAM +AUDIT +SELINUX +IMA +APPARMOR +SMACK +SYSVINIT +UTMP +LIBCRYPTSETUP +GCRYPT +GNUTLS +ACL +XZ -LZ4 +SECCOMP +BLKID +ELFUTILS +KMOD -IDN)
[   34.633839] systemd[1]: Detected virtualization oracle.
[   34.700629] systemd[1]: Detected architecture x86-64.

Welcome to [1mUbuntu 16.04.3 LTS[0m!

[   34.757783] systemd[1]: Set hostname to <ubuntu-xenial>.
[  35.01300] ysmd]: Lienngn sl Ske
[[0;32m  OK  [0m] Listening on Syslog Socket.
[ 35652378] ysmd1]: Set up automount Arbitrary Executable File Formats File System Automount Point.
[[0;32m  OK  [0m] Set up automount Arbitrary Executab...ats File System Automount Point.
[   36.32216] sysem1] Reached target User and Grop Name Lookups.
[[0;32m  OK  [0m] Reached target User and Group Name Lookups.
[  33326]ysmd]:taed Trigg rsolvconf update forneor D.
[[0;32m  OK  [0m] Started Trigger resolvconf update for networkd DNS.
[ 372773] systemd[1]: Listening on dev/initctl Compatibiity Named Pip
[[0;32m  OK  [0m] Listening on /dev/initctl Compatibility Named Pipe.
[  34122syem1] Create sceSystem Slice
[[0;32m  OK  [0m] Created slice System Slice.
[ 373274] systemd[]:reedlice User andSeio Slice.
[[0;32m  OK  [0m] Created slice User and Session Slice.
[ 38993]ystemd[1]: Reached target Encrypted Volumes.
[[0;32m  OK  [0m] Reached target Encrypted Volumes.
[   39.06057syemd[1]: Reached target Swap.
[[0;32m  OK  [0m] Reached target Swap.
[ 39072]ysemd[1: isni on Devceapr endaonIF.

[[0;32m  OK  [0m] Listening on Device-mapper event daemon FIFOs.
[  40.211650] sysem1]Lieng  uv Kernel Socket.

[[0;32m  OK  [0m] Listening on udev Kernel Socket.
[   40.649104 sstemd[]:isni oLV pll daemon socket
[[0;32m  OK  [0m] Listening on LVM2 poll daemon socket.
[ 41396]ysem1]Crated lice sstm-eral2dttsle.

[[0;32m  OK  [0m] Created slice system-serial\x2dgetty.slice.
[ 4259453 ste[1 Ltengn Jornal Socket.

[[0;32m  OK  [0m] Listening on Journal Socket.
[   42.707771] systemd[1]: Starting Remount Root and Kernel File Systems...
[   42.763750] random: nonblocking pool is initialized
         Starting Remount[   42.796628] EXT4-fs (sda1): re-mounted. Opts: (null)
 Root and Kernel File Systems...
[   42.843690] systemd[1]: Mounting Debug File System...
         Mounting Debug File System...
[   42.864480] systemd[1]: Starting Set console keymap...
         Starting Set console keymap...
[   43.007305] systemd[1]: Starting Nameserver information manager...
         Starting Nameserver information manager...
[   43.099675] systemd[1]: Starting Load Kernel Modules...
[   43.113055] Loading iSCSI transport class v2.0-870.
         Starting Load Kernel Mo[   43.760777] iscsi: registered transport (tcp)
dules...
[   43.835460] systemd[1]: Starting Uncomplicated firewall...
         Starting Uncomplicated [   43.863275] iscsi: registered transport (iser)
firewall...
[   43.935541] systemd[1]: Mounting Huge Pages File System...
         Mounting Huge Pages File System...
[   44.011493] systemd[1]: Listening on Journal Audit Socket.
[[0;32m  OK  [0m] Listening on Journal Audit Socket.
[   44.047883] systemd[1]: Started Forward Password Requests to Wall Directory Watch.
[[0;32m  OK  [0m] Started Forward Password Requests to Wall Directory Watch.
[   44.095514] systemd[1]: Listening on Journal Socket (/dev/log).
[[0;32m  OK  [0m] Listening on Journal Socket (/dev/log).
[   44.139734] systemd[1]: Starting Journal Service...
         Starting Journal Service...
[   44.204854] systemd[1]: Listening on udev Control Socket.
[[0;32m  OK  [0m] Listening on udev Control Socket.
[   44.263604] systemd[1]: Starting Create list of required static device nodes for the current kernel...
         Starting Create list of required st... nodes for the current kernel...
[   44.437431] systemd[1]: Reached target Slices.
[[0;32m  OK  [0m] Reached target Slices.
[   44.567752] systemd[1]: Listening on LVM2 metadata daemon socket.
[[0;32m  OK  [0m] Listening on LVM2 metadata daemon socket.
[   44.647889] systemd[1]: Starting Monitoring of LVM2 mirrors, snapshots etc. using dmeventd or progress polling...
         Starting Monitoring of LVM2 mirrors... dmeventd or progress polling...
[   44.835116] systemd[1]: Mounting POSIX Message Queue File System...
         Mounting POSIX Message Queue File System...
[   44.929616] systemd[1]: Mounted POSIX Message Queue File System.
[[0;32m  OK  [0m] Mounted POSIX Message Queue File System.
[ 45.135960] systemd[1]: Monted Debug File System.
[[0;32m  OK  [0m] Mounted Debug File System.
[ 45693]ysmd]: Munted Hue ges ileSytem.
[[0;32m  OK  [0m] Mounted Huge Pages File System.
[   45.913425] sysem1]StartedJonaSeic
[[0;32m  OK  [0m] Started Journal Service.
[[0;32m  OK  [0m] Started Remount Root and Kernel File Systems.
[[0;32m  OK  [0m] Started Set console keymap.
[[0;32m  OK  [0m] Started Load Kernel Modules.
[[0;32m  OK  [0m] Started Uncomplicated firewall.
[[0;32m  OK  [0m] Started Create list of required sta...ce nodes for the current kernel.
[[0;32m  OK  [0m] Started Nameserver information manager.
[[0;32m  OK  [0m] Started LVM2 metadata daemon.
         Starting Create Static Device Nodes in /dev...
         Mounting FUSE Control File System...
         Starting Apply Kernel Variables...
         Starting udev Coldplug all Devices...
         Starting Load/Save Random Seed...
         Starting Initial cloud-init job (pre-networking)...
         Starting Flush Journal to Persistent Storage...
[[0;32m  OK  [0m] Mounted FUSE Control File System.
[[0;32m  OK  [0m] Started Create Static Device Nodes in /dev.
[[0;32m  OK  [0m] Started Apply Kernel Variables.
[[0;32m  OK  [0m] Started Load/Save Random Seed.
[[0;32m  OK  [0m] Started udev Coldplug all Devices.
[[0;32m  OK  [0m] Started Flush Journal to Persistent Storage.
[[0;32m  OK  [0m] Started Monitoring of LVM2 mirrors,...ng dmeventd or progress polling.
         Starting udev Kernel Device Manager...
[[0;32m  OK  [0m] Started udev Kernel Device Manager.
[[0;32m  OK  [0m] Reached target Local File Systems (Pre).
[[0;32m  OK  [0m] Reached target Local File Systems.
         Starting Create Volatile Files and Directories...
         Starting Tell Plymouth To Write Out Runtime Data...
         Starting Set console font and keymap...
         Starting LSB: AppArmor initialization...
[[0;32m  OK  [0m] Started Dispatch Password Requests to Console Directory Watch.
[[0;32m  OK  [0m] Started Create Volatile Files and Directories.
[[0;32m  OK  [0m] Started Tell Plymouth To Write Out Runtime Data.
[[0;32m  OK  [0m] Found device /dev/ttyS0.
         Starting Update UTMP about System Boot/Shutdown...
[[0;32m  OK  [0m] Reached target System Time Synchronized.
[[0;32m  OK  [0m] Started LSB: AppArmor initialization.
[[0;32m  OK  [0m] Started Update UTMP about System Boot/Shutdown.
[[0;32m  OK  [0m] Found device 82540EM Gigabit Ethern...r (PRO/1000 MT Desktop Adapter).
[[0;32m  OK  [0m] Found device 82540EM Gigabit Ethern...r (PRO/1000 MT Desktop Adapter).
[[0;32m  OK  [0m] Started Set console font and keymap.
[[0;32m  OK  [0m] Created slice system-getty.slice.
[   37.143853] cloud-init[459]: Cloud-init v. 17.1 running 'init-local' at Mon, 29 Jan 2018 16:03:22 +0000. Up 36.71 seconds.
[[0;32m  OK  [0m] Listening on Load/Save RF Kill Switch Status /dev/rfkill Watch.
[[0;32m  OK  [0m] Started Initial cloud-init job (pre-networking).
[[0;32m  OK  [0m] Reached target Network (Pre).
         Starting Raise network interfaces...
[[0;32m  OK  [0m] Started ifup for enp0s8.
[[0;32m  OK  [0m] Started ifup for enp0s3.
[[0;32m  OK  [0m] Started Raise network interfaces.
[[0;32m  OK  [0m] Reached target Network.
         Starting Initial cloud-init job (metadata service crawler)...
[   39.939091] cloud-init[1056]: Cloud-init v. 17.1 running 'init' at Mon, 29 Jan 2018 16:03:24 +0000. Up 39.48 seconds.
[   39.945187] cloud-init[1056]: ci-info: ++++++++++++++++++++++++++++++++++++++Net device info++++++++++++++++++++++++++++++++++++++
[   39.964828] cloud-init[1056]: ci-info: +--------+------+-----------------------------+---------------+-------+-------------------+
[   40.034648] cloud-init[1056]: ci-info: | Device |  Up  |           Address           |      Mask     | Scope |     Hw-Address    |
[[0;32m  OK  [0m] Started Initial cloud-init job (metadata service crawler).
[[   40.195244] cloud-init[1056]: ci-info: +--------+------+-----------------------------+---------------+-------+-------------------+
[0;32m  OK  [0m] Reached target Cloud-config availability.
[   40.260351] cloud-init[1056]: ci-info: | enp0s3 | True |          10.0.2.15          | 255.255.255.0 |   .   | 02:db:14:78:b4:e6 |
[   40.461375] cloud-init[1056]: ci-info: | enp0s3 | True |  fe80::db:14ff:fe78:b4e6/64 |       .       |  link | 02:db:14:78:b4:e6 |
[   40.461918] cloud-init[1056]: ci-info: | enp0s8 | True |        192.168.10.100       | 255.255.255.0 |   .   | 08:00:27:21:4e:a1 |
[[0;32m  OK  [0m] Reached target Network is Online.
[   40.464850] cloud-init[1056]: ci-info: | enp0s8 | True | fe80::a00:27ff:fe21:4ea1/64 |       .       |  link | 08:00:27:21:4e:a1 |
[   40.708407] cloud-init[1056]: ci-info: |   lo   | True |          127.0.0.1          |   255.0.0.0   |   .   |         .         |
[   40.708978] cloud-init[1056]: ci-info: |   lo   | True |           ::1/128           |       .       |  host |         .         |
         Starting iSCSI initiator daemon (iscsid)...
[[   40.709314] cloud-init[1056]: ci-info: +--------+------+-----------------------------+---------------+-------+-------------------+
[   40.981868] cloud-init[1056]: ci-info: ++++++++++++++++++++++++++++Route IPv4 info++++++++++++++++++++++++++++
[   40.982195] cloud-init[1056]: ci-info: +-------+--------------+----------+---------------+-----------+-------+
[   40.982567] cloud-init[1056]: ci-info: | Route | Destination  | Gateway  |    Genmask    | Interface | Flags |
[   40.982942] cloud-init[1056]: ci-info: +-------+--------------+----------+---------------+-----------+-------+
[   40.983275] cloud-init[1056]: ci-info: |   0   |   0.0.0.0    | 10.0.2.2 |    0.0.0.0    |   enp0s3  |   UG  |
[   40.983567] cloud-init[1056]: ci-info: |   1   |   10.0.2.0   | 0.0.0.0  | 255.255.255.0 |   enp0s3  |   U   |
[   40.983866] cloud-init[1056]: ci-info: |   2   | 192.168.10.0 | 0.0.0.0  | 255.255.255.0 |   enp0s8  |   U   |
[0;32m  OK  [0m] Reached target System Initialization.
[   40.984410] cloud-init[1056]: ci-info: +-------+--------------+----------+---------------+-----------+-------+
[[0;32m  OK  [0m] Started Daily apt download activities.
[[0;32m  OK  [0m] Started Daily apt upgrade and clean activities.
[[0;32m  OK  [0m] Listening on UUID daemon activation socket.
[[0;32m  OK  [0m] Started Daily Cleanup of Temporary Directories.
[[0;32m  OK  [0m] Listening on D-Bus System Message Bus Socket.
[[0;32m  OK  [0m] Listening on ACPID Listen Socket.
         Starting LXD - unix socket.
[[0;32m  OK  [0m] Started ACPI Events Check.
[[0;32m  OK  [0m] Reached target Paths.
[[0;32m  OK  [0m] Started Timer to automatically refresh installed snaps.
[[0;32m  OK  [0m] Reached target Timers.
         Starting Socket activation for snappy daemon.
[[0;32m  OK  [0m] Listening on LXD - unix socket.
[[0;32m  OK  [0m] Listening on Socket activation for snappy daemon.
[[0;32m  OK  [0m] Started iSCSI initiator daemon (iscsid).
         Starting Login to default iSCSI targets...
[[0;32m  OK  [0m] Reached target Sockets.
[[0;32m  OK  [0m] Reached target Basic System.
[[0;32m  OK  [0m] Started Deferred execution scheduler.
[[0;32m  OK  [0m] Started FUSE filesystem for LXC.
         Starting LSB: MD monitoring daemon...
         Starting /etc/rc.local Compatibility...
         Starting Apply the settings specified in cloud-config...
         Starting System Logging Service...
         Starting Login Service...
[[0;32m  OK  [0m] Started Unattended Upgrades Shutdown.
[[0;32m  OK  [0m] Started ACPI event daemon.
         Starting LSB: Record successful boot for GRUB...
         Starting Accounts Service...
[[0;32m  OK  [0m] Started Regular background program processing daemon.
         Starting Snappy daemon...
         Starting OpenBSD Secure Shell server...
[[0;32m  OK  [0m] Started D-Bus System Message Bus.
         Starting A high performance web server and a reverse proxy server...
         Starting LXD - container startup/shutdown...
[[0;32m  OK  [0m] Started System Logging Service.
[[0;32m  OK  [0m] Started OpenBSD Secure Shell server.
[[0;32m  OK  [0m] Started Snappy daemon.
[[0;32m  OK  [0m] Started /etc/rc.local Compatibility.
[   44.068362] cloud-init[1130]: Cloud-init v. 17.1 running 'modules:config' at Mon, 29 Jan 2018 16:03:29 +0000. Up 43.79 seconds.
[[0;32m  OK  [0m] Started Apply the settings specified in cloud-config.
[[0;32m  OK  [0m] Started LXD - container startup/shutdown.
[[0;32m  OK  [0m] Started A high performance web server and a reverse proxy server.
[[0;32m  OK  [0m] Started Login to default iSCSI targets.
[[0;32m  OK  [0m] Started LSB: MD monitoring daemon.
[[0;32m  OK  [0m] Started LSB: Record successful boot for GRUB.
[[0;32m  OK  [0m] Started Login Service.
         Starting Authenticate and Authorize Users to Run Privileged Tasks...
[[0;32m  OK  [0m] Reached target Remote File Systems (Pre).
[[0;32m  OK  [0m] Reached target Remote File Systems.
         Starting LSB: VirtualBox Linux Additions...
         Starting LSB: daemon to balance interrupts for SMP systems...
         Starting Permit User Sessions...
         Starting LSB: automatic crash report generation...
         Starting LSB: Set the CPU Frequency Scaling governor to "ondemand"...
[[0;32m  OK  [0m] Started Permit User Sessions.
[[0;32m  OK  [0m] Started Authenticate and Authorize Users to Run Privileged Tasks.
[[0;32m  OK  [0m] Started Accounts Service.
         Starting Hold until boot process finishes up...
         Starting Terminate Plymouth Boot Screen...
[[0;32m  OK  [0m] Started LSB: VirtualBox Linux Additions.
[[0;32m  OK  [0m] Started LSB: daemon to balance interrupts for SMP systems.
[[0;32m  OK  [0m] Started LSB: automatic crash report generation.
[[0;32m  OK  [0m] Started LSB: Set the CPU Frequency Scaling governor to "ondemand".
[[0;32m  OK  [0m] Started Hold until boot process finishes up.
[[0;32m  OK  [0m] Started Terminate Plymouth Boot Screen.
[[0;32m  OK  [0m] Started Getty on tty1.
         Starting Set console scheme...
[[0;32m  OK  [0m] Started Serial Getty on ttyS0.
[[0;32m  OK  [0m] Reached target Login Prompts.
[[0;32m  OK  [0m] Reached target Multi-User System.
         Starting Execute cloud user/final scripts...
[[0;32m  OK  [0m] Reached target Graphical Interface.
         Starting Update UTMP about System Runlevel Changes...
[[0;32m  OK  [0m] Started Set console scheme.
[[0;32m  OK  [0m] Started Update UTMP about System Runlevel Changes.
[[0;32m  OK  [0m] Created slice User Slice of vagrant.
[   46.273164] cloud-init[1294]: Cloud-init v. 17.1 running 'modules:final' at Mon, 29 Jan 2018 16:03:31 +0000. Up 46.02 seconds.
[   46.388608]          cloud-initStarting User Manager for UID 1000...[1294]: 
Cloud-init v. 17.1 finished at Mon, 29 Jan 2018 16:03:31 +0000. Datasource DataSourceNoCloud [seed=/dev/sdb][dsmode=net].  Up 46.26 seconds
[[0;32m  OK  [0m] Started User Manager for UID 1000.
[[0;32m  OK  [0m] Started Execute cloud user/final scripts.
[[0;32m  OK  [0m] Started Session 1 of user vagrant.
[[0;32m  OK  [0m] Reached target Cloud-init target.

Ubuntu 16.04.3 LTS ubuntu-xenial ttyS0

ubuntu-xenial login: 